<!DOCTYPE html>
<html lang="en">
	<head>
		<meta charset="UTF-8">
		<meta name="viewport" content="width=device-width, initial-scale=1.0">
		<title>Golden</title>
		<link rel="stylesheet" href="css/main.css">
	</head>
	<body>
		<header>
			<div class="container">
				<div class="heading clearfix">
					<img src="img/logo.png" alt="Golden" class="logo">
					<nav>
						<ul class="menu">
							<li> <a href="#">Home</a></li>
							<li> <a href="#">Services</a></li>
							<li> <a href="#">Portfolio</a></li>
							<li> <a href="#">About</a></li>
							<li> <a href="#">Contacts</a></li>
						</ul>
					</nav>
				</div>
				
				<div class="titles">
					<div class="titles_first">Welcome To Our Studio!</div>
					<h1>It’s nice to Meet you</h1>
				</div>
				<a href="#" class="button">Tell me more</a>
			</div>
		</header>
		<section id="services">
			<div class="container">
				<div class="title">
					<h2>Services</h2>
					<p>Proin iaculis purus consequat sem cure.</p>
				</div>
				<div class="services clearfix">
					<div class="services_item">
						<img src="img/icon1.png" alt="">
						<h3>E-Commerce</h3>
						<p>
							Proin iaculis purus consequat sem cure digni 	ssim. Donec porttitora entum suscipit
							aenean rhoncus posuere odio in tincidunt.
						</p>
					</div>
					<div class="services_item">
						<img src="img/icon2.png" alt="">
						<div class="text_lft">
							<h3>Responsive Web</h3>
							<p>
								Proin iaculis purus consequat sem cure digni ssim. Donec porttitora entum suscipit
								aenean rhoncus posuere odio in tincidunt.
							</p>
						</div>
					</div>
					<div class="services_item">
						<div class="text_lft">
							<img src="img/icon3.png" alt="">
							<h3>Web Security</h3>
							<p>
								Proin iaculis purus consequat sem cure digni ssim. Donec porttitora entum suscipit
								aenean rhoncus posuere odio in tincidunt.
							</p>
						</div>
					</div>
				</div>
				
			</div>
		</section>
		<section id="portfolio">
			<div class="container">
				<div class="title">
					<h2>Our portfolio</h2>
					<p>Proin iaculis purus consequat sem cure.</p>
				</div>
				<div class="works clearfix">
					<img src="img/img1.jpg" alt="">
					<img src="img/img2.jpg" alt="">
					<img src="img/img3.jpg" alt="">
				</div>
			</div>
		</section>
		<section id="about">
			<div class="container">
				<div class="title">
					<h2>About us</h2>
					<p>Proin iaculis purus consequat sem cure.</p>
				</div>
				<div class="about clearfix">
					<div class="about_item_lft">
						<img src="img/about1.jpg" alt="">
						<h4>July 2010</h4>
						<h3>Our Humble Beginnings</h3>
						<p>Proin iaculis purus consequat sem cure<br>
							digni ssim. Donec porttitora entum suscipit<br>
							aenean rhoncus posuere odio in tincidunt. Proin<br>
							iaculis purus consequat sem cure digni<br>
						ssim. Donec porttitora entum suscipit.</p>
					</div>
					<div class="about_item_rgt">
						<img src="img/about2.jpg" alt="">
						<h4>January 2011</h4>
						<h3>Facing Startup Battles</h3>
						<p>Proin iaculis purus consequat sem cure<br>
							digni ssim. Donec porttitora entum suscipit<br>
							aenean rhoncus posuere odio in tincidunt. Proin<br>
							iaculis purus consequat sem cure digni<br>
						ssim. Donec porttitora entum suscipit aenean<br>rhoncus posuere odio in tincidunt.</p>
					</div>
					<div class="about_item_lft">
						<img src="img/about3.jpg" alt="">
						<h4>December 2012</h4>
						<h3>Enter The Dark Days</h3>
						<p>Proin iaculis purus consequat sem cure<br>
							digni ssim. Donec porttitora entum suscipit<br>
							aenean rhoncus posuere odio in tincidunt. Proin<br>
						iaculis purus consequat sem cure digni.</p>
					</div>
					<div class="about_item_rgt">
						<img src="img/about4.jpg" alt="">
						<h4>February 2014</h4>
						<h3>Our Triumph</h3>
						<p>Proin iaculis purus consequat sem cure<br>
							digni ssim. Donec porttitora entum suscipit<br>
							aenean rhoncus posuere odio in tincidunt. Proin<br>
							iaculis purus consequat sem cure digni<br>
							ssim. Donec porttitora entum suscipit aenean.
						</div>
					</div>
				</div>
			</section >
			<footer>
				<div class="container">
					<p>© Copyright 2014 FreebiesXpress.com</p>
					
				</div>
			</footer>
			
		</body>
	</html>